[www.gass.zone/index.html]
[backblue.gif]
[fade.gif]
[index.html]
[www.gass.zone/static/og.jpg]
[www.gass.zone/static/apple-touch-icon.png]
[www.gass.zone/static/favicon-32x32.png]
[www.gass.zone/static/favicon-16x16.png]
[www.gass.zone/static/site.webmanifest]
[www.gass.zone/static/favicon.ico]
[www.gass.zone/static/browserconfig.xml]
[www.gass.zone/_next/static/css/87e3cc9906b404fa.css]
[www.gass.zone/_next/static/chunks/polyfills-5cd94c89d3acac5f.js]
[www.gass.zone/_next/static/chunks/webpack-b927671265afed5e.js]
[www.gass.zone/_next/static/chunks/framework-91d7f78b5b4003c8.js]
[www.gass.zone/_next/static/chunks/main-b2c12c7e1414ac3d.js]
[www.gass.zone/_next/static/chunks/pages/_app-701d91b69d374425.js]
[www.gass.zone/_next/static/chunks/pages/index-9e49313dc0f2ab1e.js]
[www.gass.zone/_next/static/hSNxpD5wCg6appgDLd4SR/_buildManifest.js]
[www.gass.zone/_next/static/hSNxpD5wCg6appgDLd4SR/_ssgManifest.js]
[www.gass.zone/_next/static/hSNxpD5wCg6appgDLd4SR/_middlewareManifest.js]
[www.gass.zone/static/cig-slice-1.png]
[www.gass.zone/static/cig-slice-2.png]
[www.gass.zone/_/static/pattern-c.16.delayed]
[www.gass.zone/_/static/wave.17.delayed]
[www.gass.zone/_/static/checker-3.18.delayed]
[www.gass.zone/index.html]
[www.gass.zone/static/safari-pinned-tab.svg]
[www.gass.zone/static/koobz.woff2]
[www.gass.zone/static/koobz.woff]
[www.gass.zone/static/perfetto.woff2]
[www.gass.zone/static/perfetto.woff]
[www.gass.zone/static/millionaire-italic.woff2]
[www.gass.zone/static/millionaire-italic.woff]
[www.gass.zone/_next/static/css/87e3cc9906b404fa.css]
[p.typekit.net/pd716.css]
[www.gass.zone/static/smoke.svg]
[www.gass.zone/_/static/404]
[www.gass.zone/_/static/404-2]
[www.gass.zone/_/static/404-3]
[www.gass.zone/static/checker.svg]
